// Jest Snapshot v1, https://goo.gl/fbAQLP

exports[`should take a snapshot 1`] = `
<DocumentFragment>
  <button
    class="sc-bdnxRM ecpgqI"
  >
    I am a button
  </button>
</DocumentFragment>
`;
